../Core/Src/main.c:62:6:delay_us	16	static
../Core/Src/main.c:70:6:delay_ms	24	static
../Core/Src/main.c:80:6:gpio_input	24	static
../Core/Src/main.c:91:6:gpio_output	24	static
../Core/Src/main.c:102:6:dht11_rst	8	static
../Core/Src/main.c:112:9:check_dht11	16	static
../Core/Src/main.c:136:9:read_bit_dht11	16	static
../Core/Src/main.c:156:9:read_byte_dht11	16	static
../Core/Src/main.c:170:6:read_data_dht11	24	static
../Core/Src/main.c:184:9:dht11_init	8	static
../Core/Src/main.c:192:9:char_to_num	16	static
../Core/Src/main.c:204:5:main	8	static
../Core/Src/main.c:255:6:SystemClock_Config	72	static
../Core/Src/main.c:295:13:MX_TIM1_Init	32	static
../Core/Src/main.c:341:13:MX_USART2_UART_Init	8	static
../Core/Src/main.c:374:13:MX_GPIO_Init	40	static
../Core/Src/main.c:417:6:Error_Handler	4	static,ignoring_inline_asm
